// Jest Snapshot v1, https://goo.gl/fbAQLP

exports[`<HomePage/> renders <HomePage /> component 1`] = `
<Jumbotron
  bsClass="jumbotron"
  componentClass="div"
>
  <h1>
    Welcome!
  </h1>
  <p
    className="lead"
  >
    This is a simple hero unit, a simple Jumbotron-style component for calling extra attention to featured content or information.
  </p>
  <p
    className="lead"
  >
    <Button
      active={false}
      block={false}
      bsClass="btn"
      bsSize="lg"
      bsStyle="primary"
      disabled={false}
    >
      Learn More
    </Button>
  </p>
</Jumbotron>
`;
