// Jest Snapshot v1, https://goo.gl/fbAQLP

exports[`<Footer/> renders <Footer /> component 1`] = `
<styled.footer>
  Â© Front View 
  <br />
  <Badge
    bsClass="badge"
    pullRight={false}
  >
    v1.0.0
  </Badge>
  <br />
  <a
    href="mailto:hamanovich@gmail.com"
  >
    hamanovich@gmail.com
  </a>
   
  <br />
  2017-
  2019
</styled.footer>
`;
